Archive member included to satisfy reference by file (symbol)

e:/stm32ide/stm32cubeide_1.4.0/stm32cubeide/plugins/com.st.stm32cube.ide.mcu.externaltools.gnu-tools-for-stm32.7-2018-q2-update.win32_1.4.0.202007081208/tools/bin/../lib/gcc/arm-none-eabi/7.3.1/../../../../arm-none-eabi/lib/thumb/v7-m\libc_nano.a(lib_a-errno.o)
                              Src/syscalls.o (__errno)
e:/stm32ide/stm32cubeide_1.4.0/stm32cubeide/plugins/com.st.stm32cube.ide.mcu.externaltools.gnu-tools-for-stm32.7-2018-q2-update.win32_1.4.0.202007081208/tools/bin/../lib/gcc/arm-none-eabi/7.3.1/../../../../arm-none-eabi/lib/thumb/v7-m\libc_nano.a(lib_a-exit.o)
                              e:/stm32ide/stm32cubeide_1.4.0/stm32cubeide/plugins/com.st.stm32cube.ide.mcu.externaltools.gnu-tools-for-stm32.7-2018-q2-update.win32_1.4.0.202007081208/tools/bin/../lib/gcc/arm-none-eabi/7.3.1/../../../../arm-none-eabi/lib/thumb/v7-m/crt0.o (exit)
e:/stm32ide/stm32cubeide_1.4.0/stm32cubeide/plugins/com.st.stm32cube.ide.mcu.externaltools.gnu-tools-for-stm32.7-2018-q2-update.win32_1.4.0.202007081208/tools/bin/../lib/gcc/arm-none-eabi/7.3.1/../../../../arm-none-eabi/lib/thumb/v7-m\libc_nano.a(lib_a-impure.o)
                              e:/stm32ide/stm32cubeide_1.4.0/stm32cubeide/plugins/com.st.stm32cube.ide.mcu.externaltools.gnu-tools-for-stm32.7-2018-q2-update.win32_1.4.0.202007081208/tools/bin/../lib/gcc/arm-none-eabi/7.3.1/../../../../arm-none-eabi/lib/thumb/v7-m\libc_nano.a(lib_a-exit.o) (_global_impure_ptr)
e:/stm32ide/stm32cubeide_1.4.0/stm32cubeide/plugins/com.st.stm32cube.ide.mcu.externaltools.gnu-tools-for-stm32.7-2018-q2-update.win32_1.4.0.202007081208/tools/bin/../lib/gcc/arm-none-eabi/7.3.1/../../../../arm-none-eabi/lib/thumb/v7-m\libc_nano.a(lib_a-init.o)
                              e:/stm32ide/stm32cubeide_1.4.0/stm32cubeide/plugins/com.st.stm32cube.ide.mcu.externaltools.gnu-tools-for-stm32.7-2018-q2-update.win32_1.4.0.202007081208/tools/bin/../lib/gcc/arm-none-eabi/7.3.1/../../../../arm-none-eabi/lib/thumb/v7-m/crt0.o (__libc_init_array)
e:/stm32ide/stm32cubeide_1.4.0/stm32cubeide/plugins/com.st.stm32cube.ide.mcu.externaltools.gnu-tools-for-stm32.7-2018-q2-update.win32_1.4.0.202007081208/tools/bin/../lib/gcc/arm-none-eabi/7.3.1/../../../../arm-none-eabi/lib/thumb/v7-m\libc_nano.a(lib_a-memset.o)
                              e:/stm32ide/stm32cubeide_1.4.0/stm32cubeide/plugins/com.st.stm32cube.ide.mcu.externaltools.gnu-tools-for-stm32.7-2018-q2-update.win32_1.4.0.202007081208/tools/bin/../lib/gcc/arm-none-eabi/7.3.1/../../../../arm-none-eabi/lib/thumb/v7-m/crt0.o (memset)

Discarded input sections

 .text          0x0000000000000000        0x0 e:/stm32ide/stm32cubeide_1.4.0/stm32cubeide/plugins/com.st.stm32cube.ide.mcu.externaltools.gnu-tools-for-stm32.7-2018-q2-update.win32_1.4.0.202007081208/tools/bin/../lib/gcc/arm-none-eabi/7.3.1/thumb/v7-m/crti.o
 .data          0x0000000000000000        0x0 e:/stm32ide/stm32cubeide_1.4.0/stm32cubeide/plugins/com.st.stm32cube.ide.mcu.externaltools.gnu-tools-for-stm32.7-2018-q2-update.win32_1.4.0.202007081208/tools/bin/../lib/gcc/arm-none-eabi/7.3.1/thumb/v7-m/crti.o
 .bss           0x0000000000000000        0x0 e:/stm32ide/stm32cubeide_1.4.0/stm32cubeide/plugins/com.st.stm32cube.ide.mcu.externaltools.gnu-tools-for-stm32.7-2018-q2-update.win32_1.4.0.202007081208/tools/bin/../lib/gcc/arm-none-eabi/7.3.1/thumb/v7-m/crti.o
 .data          0x0000000000000000        0x4 e:/stm32ide/stm32cubeide_1.4.0/stm32cubeide/plugins/com.st.stm32cube.ide.mcu.externaltools.gnu-tools-for-stm32.7-2018-q2-update.win32_1.4.0.202007081208/tools/bin/../lib/gcc/arm-none-eabi/7.3.1/thumb/v7-m/crtbegin.o
 .text          0x0000000000000000       0x74 e:/stm32ide/stm32cubeide_1.4.0/stm32cubeide/plugins/com.st.stm32cube.ide.mcu.externaltools.gnu-tools-for-stm32.7-2018-q2-update.win32_1.4.0.202007081208/tools/bin/../lib/gcc/arm-none-eabi/7.3.1/../../../../arm-none-eabi/lib/thumb/v7-m/crt0.o
 .data          0x0000000000000000        0x0 e:/stm32ide/stm32cubeide_1.4.0/stm32cubeide/plugins/com.st.stm32cube.ide.mcu.externaltools.gnu-tools-for-stm32.7-2018-q2-update.win32_1.4.0.202007081208/tools/bin/../lib/gcc/arm-none-eabi/7.3.1/../../../../arm-none-eabi/lib/thumb/v7-m/crt0.o
 .bss           0x0000000000000000        0x0 e:/stm32ide/stm32cubeide_1.4.0/stm32cubeide/plugins/com.st.stm32cube.ide.mcu.externaltools.gnu-tools-for-stm32.7-2018-q2-update.win32_1.4.0.202007081208/tools/bin/../lib/gcc/arm-none-eabi/7.3.1/../../../../arm-none-eabi/lib/thumb/v7-m/crt0.o
 .ARM.extab     0x0000000000000000        0x0 e:/stm32ide/stm32cubeide_1.4.0/stm32cubeide/plugins/com.st.stm32cube.ide.mcu.externaltools.gnu-tools-for-stm32.7-2018-q2-update.win32_1.4.0.202007081208/tools/bin/../lib/gcc/arm-none-eabi/7.3.1/../../../../arm-none-eabi/lib/thumb/v7-m/crt0.o
 .ARM.exidx     0x0000000000000000        0x8 e:/stm32ide/stm32cubeide_1.4.0/stm32cubeide/plugins/com.st.stm32cube.ide.mcu.externaltools.gnu-tools-for-stm32.7-2018-q2-update.win32_1.4.0.202007081208/tools/bin/../lib/gcc/arm-none-eabi/7.3.1/../../../../arm-none-eabi/lib/thumb/v7-m/crt0.o
 .ARM.attributes
                0x0000000000000000       0x1b e:/stm32ide/stm32cubeide_1.4.0/stm32cubeide/plugins/com.st.stm32cube.ide.mcu.externaltools.gnu-tools-for-stm32.7-2018-q2-update.win32_1.4.0.202007081208/tools/bin/../lib/gcc/arm-none-eabi/7.3.1/../../../../arm-none-eabi/lib/thumb/v7-m/crt0.o
 .group         0x0000000000000000        0xc LCD_KEYPAD/Keypad.o
 .group         0x0000000000000000        0xc LCD_KEYPAD/Keypad.o
 .group         0x0000000000000000        0xc LCD_KEYPAD/Keypad.o
 .group         0x0000000000000000        0xc LCD_KEYPAD/Keypad.o
 .group         0x0000000000000000        0xc LCD_KEYPAD/Keypad.o
 .group         0x0000000000000000        0xc LCD_KEYPAD/Keypad.o
 .group         0x0000000000000000        0xc LCD_KEYPAD/Keypad.o
 .group         0x0000000000000000        0xc LCD_KEYPAD/Keypad.o
 .group         0x0000000000000000        0xc LCD_KEYPAD/Keypad.o
 .group         0x0000000000000000        0xc LCD_KEYPAD/Keypad.o
 .group         0x0000000000000000        0xc LCD_KEYPAD/Keypad.o
 .text          0x0000000000000000        0x0 LCD_KEYPAD/Keypad.o
 .data          0x0000000000000000        0x0 LCD_KEYPAD/Keypad.o
 .bss           0x0000000000000000        0x0 LCD_KEYPAD/Keypad.o
 .group         0x0000000000000000        0xc LCD_KEYPAD/LCD.o
 .group         0x0000000000000000        0xc LCD_KEYPAD/LCD.o
 .group         0x0000000000000000        0xc LCD_KEYPAD/LCD.o
 .group         0x0000000000000000        0xc LCD_KEYPAD/LCD.o
 .group         0x0000000000000000        0xc LCD_KEYPAD/LCD.o
 .group         0x0000000000000000        0xc LCD_KEYPAD/LCD.o
 .group         0x0000000000000000        0xc LCD_KEYPAD/LCD.o
 .group         0x0000000000000000        0xc LCD_KEYPAD/LCD.o
 .group         0x0000000000000000        0xc LCD_KEYPAD/LCD.o
 .group         0x0000000000000000        0xc LCD_KEYPAD/LCD.o
 .group         0x0000000000000000        0xc LCD_KEYPAD/LCD.o
 .group         0x0000000000000000        0xc LCD_KEYPAD/LCD.o
 .group         0x0000000000000000        0xc LCD_KEYPAD/LCD.o
 .group         0x0000000000000000        0xc LCD_KEYPAD/LCD.o
 .group         0x0000000000000000        0xc LCD_KEYPAD/LCD.o
 .group         0x0000000000000000        0xc LCD_KEYPAD/LCD.o
 .group         0x0000000000000000        0xc LCD_KEYPAD/LCD.o
 .group         0x0000000000000000        0xc LCD_KEYPAD/LCD.o
 .group         0x0000000000000000        0xc LCD_KEYPAD/LCD.o
 .group         0x0000000000000000        0xc LCD_KEYPAD/LCD.o
 .group         0x0000000000000000        0xc LCD_KEYPAD/LCD.o
 .group         0x0000000000000000        0xc LCD_KEYPAD/LCD.o
 .group         0x0000000000000000        0xc LCD_KEYPAD/LCD.o
 .group         0x0000000000000000        0xc LCD_KEYPAD/LCD.o
 .group         0x0000000000000000        0xc LCD_KEYPAD/LCD.o
 .group         0x0000000000000000        0xc LCD_KEYPAD/LCD.o
 .group         0x0000000000000000        0xc LCD_KEYPAD/LCD.o
 .group         0x0000000000000000        0xc LCD_KEYPAD/LCD.o
 .group         0x0000000000000000        0xc LCD_KEYPAD/LCD.o
 .group         0x0000000000000000        0xc LCD_KEYPAD/LCD.o
 .group         0x0000000000000000        0xc LCD_KEYPAD/LCD.o
 .group         0x0000000000000000        0xc LCD_KEYPAD/LCD.o
 .group         0x0000000000000000        0xc LCD_KEYPAD/LCD.o
 .group         0x0000000000000000        0xc LCD_KEYPAD/LCD.o
 .group         0x0000000000000000        0xc LCD_KEYPAD/LCD.o
 .text          0x0000000000000000        0x0 LCD_KEYPAD/LCD.o
 .data          0x0000000000000000        0x0 LCD_KEYPAD/LCD.o
 .bss           0x0000000000000000        0x0 LCD_KEYPAD/LCD.o
 .text.HAL_LCD_DispOnOff
                0x0000000000000000       0x28 LCD_KEYPAD/LCD.o
 .text.HAL_LCD_CursorOrDispShift
                0x0000000000000000       0x34 LCD_KEYPAD/LCD.o
 .debug_macro   0x0000000000000000      0xa60 LCD_KEYPAD/LCD.o
 .debug_macro   0x0000000000000000       0x22 LCD_KEYPAD/LCD.o
 .debug_macro   0x0000000000000000       0x8e LCD_KEYPAD/LCD.o
 .debug_macro   0x0000000000000000       0x51 LCD_KEYPAD/LCD.o
 .debug_macro   0x0000000000000000       0xef LCD_KEYPAD/LCD.o
 .debug_macro   0x0000000000000000       0x6a LCD_KEYPAD/LCD.o
 .debug_macro   0x0000000000000000      0x1df LCD_KEYPAD/LCD.o
 .debug_macro   0x0000000000000000       0x94 LCD_KEYPAD/LCD.o
 .debug_macro   0x0000000000000000       0xac LCD_KEYPAD/LCD.o
 .group         0x0000000000000000        0xc Src/main.o
 .group         0x0000000000000000        0xc Src/main.o
 .group         0x0000000000000000        0xc Src/main.o
 .group         0x0000000000000000        0xc Src/main.o
 .group         0x0000000000000000        0xc Src/main.o
 .group         0x0000000000000000        0xc Src/main.o
 .group         0x0000000000000000        0xc Src/main.o
 .group         0x0000000000000000        0xc Src/main.o
 .group         0x0000000000000000        0xc Src/main.o
 .group         0x0000000000000000        0xc Src/main.o
 .group         0x0000000000000000        0xc Src/main.o
 .text          0x0000000000000000        0x0 Src/main.o
 .data          0x0000000000000000        0x0 Src/main.o
 .bss           0x0000000000000000        0x0 Src/main.o
 .debug_macro   0x0000000000000000      0xa60 Src/main.o
 .debug_macro   0x0000000000000000       0x22 Src/main.o
 .debug_macro   0x0000000000000000       0x8e Src/main.o
 .debug_macro   0x0000000000000000       0x51 Src/main.o
 .debug_macro   0x0000000000000000       0xef Src/main.o
 .debug_macro   0x0000000000000000       0x6a Src/main.o
 .debug_macro   0x0000000000000000      0x1df Src/main.o
 .debug_macro   0x0000000000000000       0x94 Src/main.o
 .debug_macro   0x0000000000000000       0xac Src/main.o
 .debug_macro   0x0000000000000000       0x52 Src/main.o
 .group         0x0000000000000000        0xc Src/syscalls.o
 .group         0x0000000000000000        0xc Src/syscalls.o
 .group         0x0000000000000000        0xc Src/syscalls.o
 .group         0x0000000000000000        0xc Src/syscalls.o
 .group         0x0000000000000000        0xc Src/syscalls.o
 .group         0x0000000000000000        0xc Src/syscalls.o
 .group         0x0000000000000000        0xc Src/syscalls.o
 .group         0x0000000000000000        0xc Src/syscalls.o
 .group         0x0000000000000000        0xc Src/syscalls.o
 .group         0x0000000000000000        0xc Src/syscalls.o
 .group         0x0000000000000000        0xc Src/syscalls.o
 .group         0x0000000000000000        0xc Src/syscalls.o
 .group         0x0000000000000000        0xc Src/syscalls.o
 .group         0x0000000000000000        0xc Src/syscalls.o
 .group         0x0000000000000000        0xc Src/syscalls.o
 .group         0x0000000000000000        0xc Src/syscalls.o
 .group         0x0000000000000000        0xc Src/syscalls.o
 .group         0x0000000000000000        0xc Src/syscalls.o
 .group         0x0000000000000000        0xc Src/syscalls.o
 .group         0x0000000000000000        0xc Src/syscalls.o
 .group         0x0000000000000000        0xc Src/syscalls.o
 .group         0x0000000000000000        0xc Src/syscalls.o
 .group         0x0000000000000000        0xc Src/syscalls.o
 .group         0x0000000000000000        0xc Src/syscalls.o
 .group         0x0000000000000000        0xc Src/syscalls.o
 .group         0x0000000000000000        0xc Src/syscalls.o
 .group         0x0000000000000000        0xc Src/syscalls.o
 .group         0x0000000000000000        0xc Src/syscalls.o
 .group         0x0000000000000000        0xc Src/syscalls.o
 .group         0x0000000000000000        0xc Src/syscalls.o
 .group         0x0000000000000000        0xc Src/syscalls.o
 .group         0x0000000000000000        0xc Src/syscalls.o
 .group         0x0000000000000000        0xc Src/syscalls.o
 .group         0x0000000000000000        0xc Src/syscalls.o
 .group         0x0000000000000000        0xc Src/syscalls.o
 .group         0x0000000000000000        0xc Src/syscalls.o
 .group         0x0000000000000000        0xc Src/syscalls.o
 .group         0x0000000000000000        0xc Src/syscalls.o
 .group         0x0000000000000000        0xc Src/syscalls.o
 .group         0x0000000000000000        0xc Src/syscalls.o
 .group         0x0000000000000000        0xc Src/syscalls.o
 .group         0x0000000000000000        0xc Src/syscalls.o
 .group         0x0000000000000000        0xc Src/syscalls.o
 .group         0x0000000000000000        0xc Src/syscalls.o
 .text          0x0000000000000000        0x0 Src/syscalls.o
 .data          0x0000000000000000        0x0 Src/syscalls.o
 .bss           0x0000000000000000        0x0 Src/syscalls.o
 .bss.__env     0x0000000000000000        0x4 Src/syscalls.o
 .data.environ  0x0000000000000000        0x4 Src/syscalls.o
 .text.initialise_monitor_handles
                0x0000000000000000        0xc Src/syscalls.o
 .text._getpid  0x0000000000000000        0xe Src/syscalls.o
 .text._kill    0x0000000000000000       0x20 Src/syscalls.o
 .text._exit    0x0000000000000000       0x14 Src/syscalls.o
 .text._read    0x0000000000000000       0x3a Src/syscalls.o
 .text._write   0x0000000000000000       0x38 Src/syscalls.o
 .text._close   0x0000000000000000       0x16 Src/syscalls.o
 .text._fstat   0x0000000000000000       0x1e Src/syscalls.o
 .text._isatty  0x0000000000000000       0x14 Src/syscalls.o
 .text._lseek   0x0000000000000000       0x18 Src/syscalls.o
 .text._open    0x0000000000000000       0x1a Src/syscalls.o
 .text._wait    0x0000000000000000       0x1e Src/syscalls.o
 .text._unlink  0x0000000000000000       0x1e Src/syscalls.o
 .text._times   0x0000000000000000       0x16 Src/syscalls.o
 .text._stat    0x0000000000000000       0x1e Src/syscalls.o
 .text._link    0x0000000000000000       0x20 Src/syscalls.o
 .text._fork    0x0000000000000000       0x16 Src/syscalls.o
 .text._execve  0x0000000000000000       0x22 Src/syscalls.o
 .debug_info    0x0000000000000000     0x1038 Src/syscalls.o
 .debug_abbrev  0x0000000000000000      0x254 Src/syscalls.o
 .debug_loc     0x0000000000000000      0x5b8 Src/syscalls.o
 .debug_aranges
                0x0000000000000000       0xa8 Src/syscalls.o
 .debug_ranges  0x0000000000000000       0x98 Src/syscalls.o
 .debug_macro   0x0000000000000000      0x243 Src/syscalls.o
 .debug_macro   0x0000000000000000      0xa60 Src/syscalls.o
 .debug_macro   0x0000000000000000       0x22 Src/syscalls.o
 .debug_macro   0x0000000000000000       0x40 Src/syscalls.o
 .debug_macro   0x0000000000000000       0x18 Src/syscalls.o
 .debug_macro   0x0000000000000000       0x94 Src/syscalls.o
 .debug_macro   0x0000000000000000       0x3c Src/syscalls.o
 .debug_macro   0x0000000000000000       0x34 Src/syscalls.o
 .debug_macro   0x0000000000000000       0x57 Src/syscalls.o
 .debug_macro   0x0000000000000000      0x174 Src/syscalls.o
 .debug_macro   0x0000000000000000      0x330 Src/syscalls.o
 .debug_macro   0x0000000000000000       0x52 Src/syscalls.o
 .debug_macro   0x0000000000000000       0x1f Src/syscalls.o
 .debug_macro   0x0000000000000000       0x43 Src/syscalls.o
 .debug_macro   0x0000000000000000       0x20 Src/syscalls.o
 .debug_macro   0x0000000000000000      0x1a3 Src/syscalls.o
 .debug_macro   0x0000000000000000       0x10 Src/syscalls.o
 .debug_macro   0x0000000000000000       0x35 Src/syscalls.o
 .debug_macro   0x0000000000000000       0x10 Src/syscalls.o
 .debug_macro   0x0000000000000000       0x10 Src/syscalls.o
 .debug_macro   0x0000000000000000       0x10 Src/syscalls.o
 .debug_macro   0x0000000000000000       0x6a Src/syscalls.o
 .debug_macro   0x0000000000000000       0x1c Src/syscalls.o
 .debug_macro   0x0000000000000000       0x52 Src/syscalls.o
 .debug_macro   0x0000000000000000       0x40 Src/syscalls.o
 .debug_macro   0x0000000000000000       0x10 Src/syscalls.o
 .debug_macro   0x0000000000000000       0x40 Src/syscalls.o
 .debug_macro   0x0000000000000000       0xd7 Src/syscalls.o
 .debug_macro   0x0000000000000000       0x1c Src/syscalls.o
 .debug_macro   0x0000000000000000       0x3d Src/syscalls.o
 .debug_macro   0x0000000000000000       0x35 Src/syscalls.o
 .debug_macro   0x0000000000000000      0x122 Src/syscalls.o
 .debug_macro   0x0000000000000000       0x16 Src/syscalls.o
 .debug_macro   0x0000000000000000       0x16 Src/syscalls.o
 .debug_macro   0x0000000000000000       0x29 Src/syscalls.o
 .debug_macro   0x0000000000000000       0x10 Src/syscalls.o
 .debug_macro   0x0000000000000000      0x241 Src/syscalls.o
 .debug_macro   0x0000000000000000       0x1c Src/syscalls.o
 .debug_macro   0x0000000000000000       0x10 Src/syscalls.o
 .debug_macro   0x0000000000000000       0x10 Src/syscalls.o
 .debug_macro   0x0000000000000000       0x16 Src/syscalls.o
 .debug_macro   0x0000000000000000      0x145 Src/syscalls.o
 .debug_macro   0x0000000000000000      0x189 Src/syscalls.o
 .debug_macro   0x0000000000000000       0x16 Src/syscalls.o
 .debug_macro   0x0000000000000000       0x88 Src/syscalls.o
 .debug_line    0x0000000000000000      0x757 Src/syscalls.o
 .debug_str     0x0000000000000000     0x8866 Src/syscalls.o
 .comment       0x0000000000000000       0x7c Src/syscalls.o
 .debug_frame   0x0000000000000000      0x2ac Src/syscalls.o
 .ARM.attributes
                0x0000000000000000       0x33 Src/syscalls.o
 .group         0x0000000000000000        0xc Src/sysmem.o
 .group         0x0000000000000000        0xc Src/sysmem.o
 .group         0x0000000000000000        0xc Src/sysmem.o
 .group         0x0000000000000000        0xc Src/sysmem.o
 .group         0x0000000000000000        0xc Src/sysmem.o
 .group         0x0000000000000000        0xc Src/sysmem.o
 .group         0x0000000000000000        0xc Src/sysmem.o
 .group         0x0000000000000000        0xc Src/sysmem.o
 .group         0x0000000000000000        0xc Src/sysmem.o
 .group         0x0000000000000000        0xc Src/sysmem.o
 .group         0x0000000000000000        0xc Src/sysmem.o
 .group         0x0000000000000000        0xc Src/sysmem.o
 .group         0x0000000000000000        0xc Src/sysmem.o
 .group         0x0000000000000000        0xc Src/sysmem.o
 .group         0x0000000000000000        0xc Src/sysmem.o
 .group         0x0000000000000000        0xc Src/sysmem.o
 .group         0x0000000000000000        0xc Src/sysmem.o
 .group         0x0000000000000000        0xc Src/sysmem.o
 .group         0x0000000000000000        0xc Src/sysmem.o
 .text          0x0000000000000000        0x0 Src/sysmem.o
 .data          0x0000000000000000        0x0 Src/sysmem.o
 .bss           0x0000000000000000        0x0 Src/sysmem.o
 .bss.__sbrk_heap_end
                0x0000000000000000        0x4 Src/sysmem.o
 .text._sbrk    0x0000000000000000       0x6c Src/sysmem.o
 .debug_info    0x0000000000000000      0xa7c Src/sysmem.o
 .debug_abbrev  0x0000000000000000      0x18e Src/sysmem.o
 .debug_loc     0x0000000000000000       0x50 Src/sysmem.o
 .debug_aranges
                0x0000000000000000       0x20 Src/sysmem.o
 .debug_ranges  0x0000000000000000       0x10 Src/sysmem.o
 .debug_macro   0x0000000000000000       0xee Src/sysmem.o
 .debug_macro   0x0000000000000000      0xa60 Src/sysmem.o
 .debug_macro   0x0000000000000000       0x10 Src/sysmem.o
 .debug_macro   0x0000000000000000       0x22 Src/sysmem.o
 .debug_macro   0x0000000000000000       0x40 Src/sysmem.o
 .debug_macro   0x0000000000000000       0x18 Src/sysmem.o
 .debug_macro   0x0000000000000000       0x94 Src/sysmem.o
 .debug_macro   0x0000000000000000       0x3c Src/sysmem.o
 .debug_macro   0x0000000000000000       0x34 Src/sysmem.o
 .debug_macro   0x0000000000000000      0x174 Src/sysmem.o
 .debug_macro   0x0000000000000000       0x57 Src/sysmem.o
 .debug_macro   0x0000000000000000       0x52 Src/sysmem.o
 .debug_macro   0x0000000000000000       0x1f Src/sysmem.o
 .debug_macro   0x0000000000000000       0x43 Src/sysmem.o
 .debug_macro   0x0000000000000000       0x20 Src/sysmem.o
 .debug_macro   0x0000000000000000      0x1a3 Src/sysmem.o
 .debug_macro   0x0000000000000000      0x23b Src/sysmem.o
 .debug_macro   0x0000000000000000       0xef Src/sysmem.o
 .debug_macro   0x0000000000000000       0x6a Src/sysmem.o
 .debug_macro   0x0000000000000000      0x1df Src/sysmem.o
 .debug_line    0x0000000000000000      0x4e0 Src/sysmem.o
 .debug_str     0x0000000000000000     0x5f34 Src/sysmem.o
 .comment       0x0000000000000000       0x7c Src/sysmem.o
 .debug_frame   0x0000000000000000       0x34 Src/sysmem.o
 .ARM.attributes
                0x0000000000000000       0x33 Src/sysmem.o
 .text          0x0000000000000000       0x14 Startup/startup_stm32f101c6tx.o
 .data          0x0000000000000000        0x0 Startup/startup_stm32f101c6tx.o
 .bss           0x0000000000000000        0x0 Startup/startup_stm32f101c6tx.o
 .group         0x0000000000000000        0xc stm32f103c6_drivers/GPIO_driver.o
 .group         0x0000000000000000        0xc stm32f103c6_drivers/GPIO_driver.o
 .group         0x0000000000000000        0xc stm32f103c6_drivers/GPIO_driver.o
 .group         0x0000000000000000        0xc stm32f103c6_drivers/GPIO_driver.o
 .group         0x0000000000000000        0xc stm32f103c6_drivers/GPIO_driver.o
 .group         0x0000000000000000        0xc stm32f103c6_drivers/GPIO_driver.o
 .group         0x0000000000000000        0xc stm32f103c6_drivers/GPIO_driver.o
 .group         0x0000000000000000        0xc stm32f103c6_drivers/GPIO_driver.o
 .group         0x0000000000000000        0xc stm32f103c6_drivers/GPIO_driver.o
 .text          0x0000000000000000        0x0 stm32f103c6_drivers/GPIO_driver.o
 .data          0x0000000000000000        0x0 stm32f103c6_drivers/GPIO_driver.o
 .bss           0x0000000000000000        0x0 stm32f103c6_drivers/GPIO_driver.o
 .text.MCAL_GPIO_DeInit
                0x0000000000000000       0x24 stm32f103c6_drivers/GPIO_driver.o
 .text.MCAL_GPIO_RESET
                0x0000000000000000       0x28 stm32f103c6_drivers/GPIO_driver.o
 .text.MCAL_GPIO_WritePort
                0x0000000000000000       0x1c stm32f103c6_drivers/GPIO_driver.o
 .text.MCAL_GPIO_ReadPort
                0x0000000000000000       0x18 stm32f103c6_drivers/GPIO_driver.o
 .text.MCAL_GPIO_TOGGPin
                0x0000000000000000       0x28 stm32f103c6_drivers/GPIO_driver.o
 .debug_macro   0x0000000000000000      0xa60 stm32f103c6_drivers/GPIO_driver.o
 .debug_macro   0x0000000000000000       0x22 stm32f103c6_drivers/GPIO_driver.o
 .debug_macro   0x0000000000000000       0x8e stm32f103c6_drivers/GPIO_driver.o
 .debug_macro   0x0000000000000000       0x51 stm32f103c6_drivers/GPIO_driver.o
 .debug_macro   0x0000000000000000       0xef stm32f103c6_drivers/GPIO_driver.o
 .debug_macro   0x0000000000000000       0x6a stm32f103c6_drivers/GPIO_driver.o
 .debug_macro   0x0000000000000000      0x1df stm32f103c6_drivers/GPIO_driver.o
 .debug_macro   0x0000000000000000       0x94 stm32f103c6_drivers/GPIO_driver.o
 .debug_macro   0x0000000000000000       0xac stm32f103c6_drivers/GPIO_driver.o
 .text          0x0000000000000000        0x0 e:/stm32ide/stm32cubeide_1.4.0/stm32cubeide/plugins/com.st.stm32cube.ide.mcu.externaltools.gnu-tools-for-stm32.7-2018-q2-update.win32_1.4.0.202007081208/tools/bin/../lib/gcc/arm-none-eabi/7.3.1/../../../../arm-none-eabi/lib/thumb/v7-m\libc_nano.a(lib_a-errno.o)
 .data          0x0000000000000000        0x0 e:/stm32ide/stm32cubeide_1.4.0/stm32cubeide/plugins/com.st.stm32cube.ide.mcu.externaltools.gnu-tools-for-stm32.7-2018-q2-update.win32_1.4.0.202007081208/tools/bin/../lib/gcc/arm-none-eabi/7.3.1/../../../../arm-none-eabi/lib/thumb/v7-m\libc_nano.a(lib_a-errno.o)
 .bss           0x0000000000000000        0x0 e:/stm32ide/stm32cubeide_1.4.0/stm32cubeide/plugins/com.st.stm32cube.ide.mcu.externaltools.gnu-tools-for-stm32.7-2018-q2-update.win32_1.4.0.202007081208/tools/bin/../lib/gcc/arm-none-eabi/7.3.1/../../../../arm-none-eabi/lib/thumb/v7-m\libc_nano.a(lib_a-errno.o)
 .text.__errno  0x0000000000000000        0xc e:/stm32ide/stm32cubeide_1.4.0/stm32cubeide/plugins/com.st.stm32cube.ide.mcu.externaltools.gnu-tools-for-stm32.7-2018-q2-update.win32_1.4.0.202007081208/tools/bin/../lib/gcc/arm-none-eabi/7.3.1/../../../../arm-none-eabi/lib/thumb/v7-m\libc_nano.a(lib_a-errno.o)
 .debug_frame   0x0000000000000000       0x20 e:/stm32ide/stm32cubeide_1.4.0/stm32cubeide/plugins/com.st.stm32cube.ide.mcu.externaltools.gnu-tools-for-stm32.7-2018-q2-update.win32_1.4.0.202007081208/tools/bin/../lib/gcc/arm-none-eabi/7.3.1/../../../../arm-none-eabi/lib/thumb/v7-m\libc_nano.a(lib_a-errno.o)
 .ARM.attributes
                0x0000000000000000       0x2d e:/stm32ide/stm32cubeide_1.4.0/stm32cubeide/plugins/com.st.stm32cube.ide.mcu.externaltools.gnu-tools-for-stm32.7-2018-q2-update.win32_1.4.0.202007081208/tools/bin/../lib/gcc/arm-none-eabi/7.3.1/../../../../arm-none-eabi/lib/thumb/v7-m\libc_nano.a(lib_a-errno.o)
 .text          0x0000000000000000        0x0 e:/stm32ide/stm32cubeide_1.4.0/stm32cubeide/plugins/com.st.stm32cube.ide.mcu.externaltools.gnu-tools-for-stm32.7-2018-q2-update.win32_1.4.0.202007081208/tools/bin/../lib/gcc/arm-none-eabi/7.3.1/../../../../arm-none-eabi/lib/thumb/v7-m\libc_nano.a(lib_a-exit.o)
 .data          0x0000000000000000        0x0 e:/stm32ide/stm32cubeide_1.4.0/stm32cubeide/plugins/com.st.stm32cube.ide.mcu.externaltools.gnu-tools-for-stm32.7-2018-q2-update.win32_1.4.0.202007081208/tools/bin/../lib/gcc/arm-none-eabi/7.3.1/../../../../arm-none-eabi/lib/thumb/v7-m\libc_nano.a(lib_a-exit.o)
 .bss           0x0000000000000000        0x0 e:/stm32ide/stm32cubeide_1.4.0/stm32cubeide/plugins/com.st.stm32cube.ide.mcu.externaltools.gnu-tools-for-stm32.7-2018-q2-update.win32_1.4.0.202007081208/tools/bin/../lib/gcc/arm-none-eabi/7.3.1/../../../../arm-none-eabi/lib/thumb/v7-m\libc_nano.a(lib_a-exit.o)
 .text.exit     0x0000000000000000       0x28 e:/stm32ide/stm32cubeide_1.4.0/stm32cubeide/plugins/com.st.stm32cube.ide.mcu.externaltools.gnu-tools-for-stm32.7-2018-q2-update.win32_1.4.0.202007081208/tools/bin/../lib/gcc/arm-none-eabi/7.3.1/../../../../arm-none-eabi/lib/thumb/v7-m\libc_nano.a(lib_a-exit.o)
 .debug_frame   0x0000000000000000       0x28 e:/stm32ide/stm32cubeide_1.4.0/stm32cubeide/plugins/com.st.stm32cube.ide.mcu.externaltools.gnu-tools-for-stm32.7-2018-q2-update.win32_1.4.0.202007081208/tools/bin/../lib/gcc/arm-none-eabi/7.3.1/../../../../arm-none-eabi/lib/thumb/v7-m\libc_nano.a(lib_a-exit.o)
 .ARM.attributes
                0x0000000000000000       0x2d e:/stm32ide/stm32cubeide_1.4.0/stm32cubeide/plugins/com.st.stm32cube.ide.mcu.externaltools.gnu-tools-for-stm32.7-2018-q2-update.win32_1.4.0.202007081208/tools/bin/../lib/gcc/arm-none-eabi/7.3.1/../../../../arm-none-eabi/lib/thumb/v7-m\libc_nano.a(lib_a-exit.o)
 .text          0x0000000000000000        0x0 e:/stm32ide/stm32cubeide_1.4.0/stm32cubeide/plugins/com.st.stm32cube.ide.mcu.externaltools.gnu-tools-for-stm32.7-2018-q2-update.win32_1.4.0.202007081208/tools/bin/../lib/gcc/arm-none-eabi/7.3.1/../../../../arm-none-eabi/lib/thumb/v7-m\libc_nano.a(lib_a-impure.o)
 .data          0x0000000000000000        0x0 e:/stm32ide/stm32cubeide_1.4.0/stm32cubeide/plugins/com.st.stm32cube.ide.mcu.externaltools.gnu-tools-for-stm32.7-2018-q2-update.win32_1.4.0.202007081208/tools/bin/../lib/gcc/arm-none-eabi/7.3.1/../../../../arm-none-eabi/lib/thumb/v7-m\libc_nano.a(lib_a-impure.o)
 .bss           0x0000000000000000        0x0 e:/stm32ide/stm32cubeide_1.4.0/stm32cubeide/plugins/com.st.stm32cube.ide.mcu.externaltools.gnu-tools-for-stm32.7-2018-q2-update.win32_1.4.0.202007081208/tools/bin/../lib/gcc/arm-none-eabi/7.3.1/../../../../arm-none-eabi/lib/thumb/v7-m\libc_nano.a(lib_a-impure.o)
 .data._impure_ptr
                0x0000000000000000        0x4 e:/stm32ide/stm32cubeide_1.4.0/stm32cubeide/plugins/com.st.stm32cube.ide.mcu.externaltools.gnu-tools-for-stm32.7-2018-q2-update.win32_1.4.0.202007081208/tools/bin/../lib/gcc/arm-none-eabi/7.3.1/../../../../arm-none-eabi/lib/thumb/v7-m\libc_nano.a(lib_a-impure.o)
 .data.impure_data
                0x0000000000000000       0x60 e:/stm32ide/stm32cubeide_1.4.0/stm32cubeide/plugins/com.st.stm32cube.ide.mcu.externaltools.gnu-tools-for-stm32.7-2018-q2-update.win32_1.4.0.202007081208/tools/bin/../lib/gcc/arm-none-eabi/7.3.1/../../../../arm-none-eabi/lib/thumb/v7-m\libc_nano.a(lib_a-impure.o)
 .rodata._global_impure_ptr
                0x0000000000000000        0x4 e:/stm32ide/stm32cubeide_1.4.0/stm32cubeide/plugins/com.st.stm32cube.ide.mcu.externaltools.gnu-tools-for-stm32.7-2018-q2-update.win32_1.4.0.202007081208/tools/bin/../lib/gcc/arm-none-eabi/7.3.1/../../../../arm-none-eabi/lib/thumb/v7-m\libc_nano.a(lib_a-impure.o)
 .ARM.attributes
                0x0000000000000000       0x2d e:/stm32ide/stm32cubeide_1.4.0/stm32cubeide/plugins/com.st.stm32cube.ide.mcu.externaltools.gnu-tools-for-stm32.7-2018-q2-update.win32_1.4.0.202007081208/tools/bin/../lib/gcc/arm-none-eabi/7.3.1/../../../../arm-none-eabi/lib/thumb/v7-m\libc_nano.a(lib_a-impure.o)
 .text          0x0000000000000000        0x0 e:/stm32ide/stm32cubeide_1.4.0/stm32cubeide/plugins/com.st.stm32cube.ide.mcu.externaltools.gnu-tools-for-stm32.7-2018-q2-update.win32_1.4.0.202007081208/tools/bin/../lib/gcc/arm-none-eabi/7.3.1/../../../../arm-none-eabi/lib/thumb/v7-m\libc_nano.a(lib_a-init.o)
 .data          0x0000000000000000        0x0 e:/stm32ide/stm32cubeide_1.4.0/stm32cubeide/plugins/com.st.stm32cube.ide.mcu.externaltools.gnu-tools-for-stm32.7-2018-q2-update.win32_1.4.0.202007081208/tools/bin/../lib/gcc/arm-none-eabi/7.3.1/../../../../arm-none-eabi/lib/thumb/v7-m\libc_nano.a(lib_a-init.o)
 .bss           0x0000000000000000        0x0 e:/stm32ide/stm32cubeide_1.4.0/stm32cubeide/plugins/com.st.stm32cube.ide.mcu.externaltools.gnu-tools-for-stm32.7-2018-q2-update.win32_1.4.0.202007081208/tools/bin/../lib/gcc/arm-none-eabi/7.3.1/../../../../arm-none-eabi/lib/thumb/v7-m\libc_nano.a(lib_a-init.o)
 .text          0x0000000000000000        0x0 e:/stm32ide/stm32cubeide_1.4.0/stm32cubeide/plugins/com.st.stm32cube.ide.mcu.externaltools.gnu-tools-for-stm32.7-2018-q2-update.win32_1.4.0.202007081208/tools/bin/../lib/gcc/arm-none-eabi/7.3.1/../../../../arm-none-eabi/lib/thumb/v7-m\libc_nano.a(lib_a-memset.o)
 .data          0x0000000000000000        0x0 e:/stm32ide/stm32cubeide_1.4.0/stm32cubeide/plugins/com.st.stm32cube.ide.mcu.externaltools.gnu-tools-for-stm32.7-2018-q2-update.win32_1.4.0.202007081208/tools/bin/../lib/gcc/arm-none-eabi/7.3.1/../../../../arm-none-eabi/lib/thumb/v7-m\libc_nano.a(lib_a-memset.o)
 .bss           0x0000000000000000        0x0 e:/stm32ide/stm32cubeide_1.4.0/stm32cubeide/plugins/com.st.stm32cube.ide.mcu.externaltools.gnu-tools-for-stm32.7-2018-q2-update.win32_1.4.0.202007081208/tools/bin/../lib/gcc/arm-none-eabi/7.3.1/../../../../arm-none-eabi/lib/thumb/v7-m\libc_nano.a(lib_a-memset.o)
 .text.memset   0x0000000000000000       0x10 e:/stm32ide/stm32cubeide_1.4.0/stm32cubeide/plugins/com.st.stm32cube.ide.mcu.externaltools.gnu-tools-for-stm32.7-2018-q2-update.win32_1.4.0.202007081208/tools/bin/../lib/gcc/arm-none-eabi/7.3.1/../../../../arm-none-eabi/lib/thumb/v7-m\libc_nano.a(lib_a-memset.o)
 .debug_frame   0x0000000000000000       0x20 e:/stm32ide/stm32cubeide_1.4.0/stm32cubeide/plugins/com.st.stm32cube.ide.mcu.externaltools.gnu-tools-for-stm32.7-2018-q2-update.win32_1.4.0.202007081208/tools/bin/../lib/gcc/arm-none-eabi/7.3.1/../../../../arm-none-eabi/lib/thumb/v7-m\libc_nano.a(lib_a-memset.o)
 .ARM.attributes
                0x0000000000000000       0x2d e:/stm32ide/stm32cubeide_1.4.0/stm32cubeide/plugins/com.st.stm32cube.ide.mcu.externaltools.gnu-tools-for-stm32.7-2018-q2-update.win32_1.4.0.202007081208/tools/bin/../lib/gcc/arm-none-eabi/7.3.1/../../../../arm-none-eabi/lib/thumb/v7-m\libc_nano.a(lib_a-memset.o)
 .text          0x0000000000000000        0x0 e:/stm32ide/stm32cubeide_1.4.0/stm32cubeide/plugins/com.st.stm32cube.ide.mcu.externaltools.gnu-tools-for-stm32.7-2018-q2-update.win32_1.4.0.202007081208/tools/bin/../lib/gcc/arm-none-eabi/7.3.1/thumb/v7-m/crtend.o
 .data          0x0000000000000000        0x0 e:/stm32ide/stm32cubeide_1.4.0/stm32cubeide/plugins/com.st.stm32cube.ide.mcu.externaltools.gnu-tools-for-stm32.7-2018-q2-update.win32_1.4.0.202007081208/tools/bin/../lib/gcc/arm-none-eabi/7.3.1/thumb/v7-m/crtend.o
 .bss           0x0000000000000000        0x0 e:/stm32ide/stm32cubeide_1.4.0/stm32cubeide/plugins/com.st.stm32cube.ide.mcu.externaltools.gnu-tools-for-stm32.7-2018-q2-update.win32_1.4.0.202007081208/tools/bin/../lib/gcc/arm-none-eabi/7.3.1/thumb/v7-m/crtend.o
 .eh_frame      0x0000000000000000        0x4 e:/stm32ide/stm32cubeide_1.4.0/stm32cubeide/plugins/com.st.stm32cube.ide.mcu.externaltools.gnu-tools-for-stm32.7-2018-q2-update.win32_1.4.0.202007081208/tools/bin/../lib/gcc/arm-none-eabi/7.3.1/thumb/v7-m/crtend.o
 .ARM.attributes
                0x0000000000000000       0x2d e:/stm32ide/stm32cubeide_1.4.0/stm32cubeide/plugins/com.st.stm32cube.ide.mcu.externaltools.gnu-tools-for-stm32.7-2018-q2-update.win32_1.4.0.202007081208/tools/bin/../lib/gcc/arm-none-eabi/7.3.1/thumb/v7-m/crtend.o
 .text          0x0000000000000000        0x0 e:/stm32ide/stm32cubeide_1.4.0/stm32cubeide/plugins/com.st.stm32cube.ide.mcu.externaltools.gnu-tools-for-stm32.7-2018-q2-update.win32_1.4.0.202007081208/tools/bin/../lib/gcc/arm-none-eabi/7.3.1/thumb/v7-m/crtn.o
 .data          0x0000000000000000        0x0 e:/stm32ide/stm32cubeide_1.4.0/stm32cubeide/plugins/com.st.stm32cube.ide.mcu.externaltools.gnu-tools-for-stm32.7-2018-q2-update.win32_1.4.0.202007081208/tools/bin/../lib/gcc/arm-none-eabi/7.3.1/thumb/v7-m/crtn.o
 .bss           0x0000000000000000        0x0 e:/stm32ide/stm32cubeide_1.4.0/stm32cubeide/plugins/com.st.stm32cube.ide.mcu.externaltools.gnu-tools-for-stm32.7-2018-q2-update.win32_1.4.0.202007081208/tools/bin/../lib/gcc/arm-none-eabi/7.3.1/thumb/v7-m/crtn.o

Memory Configuration

Name             Origin             Length             Attributes
RAM              0x0000000020000000 0x0000000000001800 xrw
ROM              0x0000000008000000 0x0000000000008000 xr
*default*        0x0000000000000000 0xffffffffffffffff

Linker script and memory map

LOAD e:/stm32ide/stm32cubeide_1.4.0/stm32cubeide/plugins/com.st.stm32cube.ide.mcu.externaltools.gnu-tools-for-stm32.7-2018-q2-update.win32_1.4.0.202007081208/tools/bin/../lib/gcc/arm-none-eabi/7.3.1/thumb/v7-m/crti.o
LOAD e:/stm32ide/stm32cubeide_1.4.0/stm32cubeide/plugins/com.st.stm32cube.ide.mcu.externaltools.gnu-tools-for-stm32.7-2018-q2-update.win32_1.4.0.202007081208/tools/bin/../lib/gcc/arm-none-eabi/7.3.1/thumb/v7-m/crtbegin.o
LOAD e:/stm32ide/stm32cubeide_1.4.0/stm32cubeide/plugins/com.st.stm32cube.ide.mcu.externaltools.gnu-tools-for-stm32.7-2018-q2-update.win32_1.4.0.202007081208/tools/bin/../lib/gcc/arm-none-eabi/7.3.1/../../../../arm-none-eabi/lib/thumb/v7-m/crt0.o
LOAD LCD_KEYPAD/Keypad.o
LOAD LCD_KEYPAD/LCD.o
LOAD Src/main.o
LOAD Src/syscalls.o
LOAD Src/sysmem.o
LOAD Startup/startup_stm32f101c6tx.o
LOAD stm32f103c6_drivers/GPIO_driver.o
START GROUP
LOAD e:/stm32ide/stm32cubeide_1.4.0/stm32cubeide/plugins/com.st.stm32cube.ide.mcu.externaltools.gnu-tools-for-stm32.7-2018-q2-update.win32_1.4.0.202007081208/tools/bin/../lib/gcc/arm-none-eabi/7.3.1/../../../../arm-none-eabi/lib/thumb/v7-m\libc_nano.a
LOAD e:/stm32ide/stm32cubeide_1.4.0/stm32cubeide/plugins/com.st.stm32cube.ide.mcu.externaltools.gnu-tools-for-stm32.7-2018-q2-update.win32_1.4.0.202007081208/tools/bin/../lib/gcc/arm-none-eabi/7.3.1/../../../../arm-none-eabi/lib/thumb/v7-m\libm.a
END GROUP
START GROUP
LOAD e:/stm32ide/stm32cubeide_1.4.0/stm32cubeide/plugins/com.st.stm32cube.ide.mcu.externaltools.gnu-tools-for-stm32.7-2018-q2-update.win32_1.4.0.202007081208/tools/bin/../lib/gcc/arm-none-eabi/7.3.1/thumb/v7-m\libgcc.a
LOAD e:/stm32ide/stm32cubeide_1.4.0/stm32cubeide/plugins/com.st.stm32cube.ide.mcu.externaltools.gnu-tools-for-stm32.7-2018-q2-update.win32_1.4.0.202007081208/tools/bin/../lib/gcc/arm-none-eabi/7.3.1/../../../../arm-none-eabi/lib/thumb/v7-m\libg_nano.a
LOAD e:/stm32ide/stm32cubeide_1.4.0/stm32cubeide/plugins/com.st.stm32cube.ide.mcu.externaltools.gnu-tools-for-stm32.7-2018-q2-update.win32_1.4.0.202007081208/tools/bin/../lib/gcc/arm-none-eabi/7.3.1/../../../../arm-none-eabi/lib/thumb/v7-m\libc_nano.a
END GROUP
START GROUP
LOAD e:/stm32ide/stm32cubeide_1.4.0/stm32cubeide/plugins/com.st.stm32cube.ide.mcu.externaltools.gnu-tools-for-stm32.7-2018-q2-update.win32_1.4.0.202007081208/tools/bin/../lib/gcc/arm-none-eabi/7.3.1/thumb/v7-m\libgcc.a
LOAD e:/stm32ide/stm32cubeide_1.4.0/stm32cubeide/plugins/com.st.stm32cube.ide.mcu.externaltools.gnu-tools-for-stm32.7-2018-q2-update.win32_1.4.0.202007081208/tools/bin/../lib/gcc/arm-none-eabi/7.3.1/../../../../arm-none-eabi/lib/thumb/v7-m\libc_nano.a
LOAD e:/stm32ide/stm32cubeide_1.4.0/stm32cubeide/plugins/com.st.stm32cube.ide.mcu.externaltools.gnu-tools-for-stm32.7-2018-q2-update.win32_1.4.0.202007081208/tools/bin/../lib/gcc/arm-none-eabi/7.3.1/../../../../arm-none-eabi/lib/thumb/v7-m\libnosys.a
END GROUP
START GROUP
LOAD e:/stm32ide/stm32cubeide_1.4.0/stm32cubeide/plugins/com.st.stm32cube.ide.mcu.externaltools.gnu-tools-for-stm32.7-2018-q2-update.win32_1.4.0.202007081208/tools/bin/../lib/gcc/arm-none-eabi/7.3.1/thumb/v7-m\libgcc.a
LOAD e:/stm32ide/stm32cubeide_1.4.0/stm32cubeide/plugins/com.st.stm32cube.ide.mcu.externaltools.gnu-tools-for-stm32.7-2018-q2-update.win32_1.4.0.202007081208/tools/bin/../lib/gcc/arm-none-eabi/7.3.1/../../../../arm-none-eabi/lib/thumb/v7-m\libc_nano.a
LOAD e:/stm32ide/stm32cubeide_1.4.0/stm32cubeide/plugins/com.st.stm32cube.ide.mcu.externaltools.gnu-tools-for-stm32.7-2018-q2-update.win32_1.4.0.202007081208/tools/bin/../lib/gcc/arm-none-eabi/7.3.1/../../../../arm-none-eabi/lib/thumb/v7-m\libnosys.a
END GROUP
LOAD e:/stm32ide/stm32cubeide_1.4.0/stm32cubeide/plugins/com.st.stm32cube.ide.mcu.externaltools.gnu-tools-for-stm32.7-2018-q2-update.win32_1.4.0.202007081208/tools/bin/../lib/gcc/arm-none-eabi/7.3.1/thumb/v7-m/crtend.o
LOAD e:/stm32ide/stm32cubeide_1.4.0/stm32cubeide/plugins/com.st.stm32cube.ide.mcu.externaltools.gnu-tools-for-stm32.7-2018-q2-update.win32_1.4.0.202007081208/tools/bin/../lib/gcc/arm-none-eabi/7.3.1/thumb/v7-m/crtn.o
                0x0000000020001800                _estack = (ORIGIN (RAM) + LENGTH (RAM))
                0x0000000000000200                _Min_Heap_Size = 0x200
                0x0000000000000400                _Min_Stack_Size = 0x400

.isr_vector     0x0000000008000000      0x130
                0x0000000008000000                . = ALIGN (0x4)
 *(.isr_vector)
 .isr_vector    0x0000000008000000      0x130 Startup/startup_stm32f101c6tx.o
                0x0000000008000000                g_pfnVectors
                0x0000000008000130                . = ALIGN (0x4)

.text           0x0000000008000130      0x4fc
                0x0000000008000130                . = ALIGN (0x4)
 *(.text)
 .text          0x0000000008000130       0x40 e:/stm32ide/stm32cubeide_1.4.0/stm32cubeide/plugins/com.st.stm32cube.ide.mcu.externaltools.gnu-tools-for-stm32.7-2018-q2-update.win32_1.4.0.202007081208/tools/bin/../lib/gcc/arm-none-eabi/7.3.1/thumb/v7-m/crtbegin.o
 *(.text*)
 .text.HAL_Keypad_Init
                0x0000000008000170       0x54 LCD_KEYPAD/Keypad.o
                0x0000000008000170                HAL_Keypad_Init
 .text.HAL_Keypad_Get_Char
                0x00000000080001c4       0xb0 LCD_KEYPAD/Keypad.o
                0x00000000080001c4                HAL_Keypad_Get_Char
 .text.Send     0x0000000008000274       0x5c LCD_KEYPAD/LCD.o
                0x0000000008000274                Send
 .text.HAL_LCD_Init
                0x00000000080002d0       0x5c LCD_KEYPAD/LCD.o
                0x00000000080002d0                HAL_LCD_Init
 .text.HAL_LCD_Cursor
                0x000000000800032c       0x34 LCD_KEYPAD/LCD.o
                0x000000000800032c                HAL_LCD_Cursor
 .text.HAL_LCD_Clear
                0x0000000008000360       0x18 LCD_KEYPAD/LCD.o
                0x0000000008000360                HAL_LCD_Clear
 .text.HAL_LCD_WriteChar
                0x0000000008000378       0x28 LCD_KEYPAD/LCD.o
                0x0000000008000378                HAL_LCD_WriteChar
 .text.HAL_LCD_WriteString
                0x00000000080003a0       0x36 LCD_KEYPAD/LCD.o
                0x00000000080003a0                HAL_LCD_WriteString
 *fill*         0x00000000080003d6        0x2 
 .text.HAL_LCD_CursorPosition
                0x00000000080003d8       0x28 LCD_KEYPAD/LCD.o
                0x00000000080003d8                HAL_LCD_CursorPosition
 .text.main     0x0000000008000400       0x58 Src/main.o
                0x0000000008000400                main
 .text.Reset_Handler
                0x0000000008000458       0x50 Startup/startup_stm32f101c6tx.o
                0x0000000008000458                Reset_Handler
 .text.Default_Handler
                0x00000000080004a8        0x2 Startup/startup_stm32f101c6tx.o
                0x00000000080004a8                RTC_Alarm_IRQHandler
                0x00000000080004a8                EXTI2_IRQHandler
                0x00000000080004a8                TIM8_TRG_COM_IRQHandler
                0x00000000080004a8                TIM8_CC_IRQHandler
                0x00000000080004a8                DebugMon_Handler
                0x00000000080004a8                TIM1_CC_IRQHandler
                0x00000000080004a8                HardFault_Handler
                0x00000000080004a8                TIM6_IRQHandler
                0x00000000080004a8                SysTick_Handler
                0x00000000080004a8                PVD_IRQHandler
                0x00000000080004a8                SDIO_IRQHandler
                0x00000000080004a8                PendSV_Handler
                0x00000000080004a8                NMI_Handler
                0x00000000080004a8                EXTI3_IRQHandler
                0x00000000080004a8                USB_HP_CAN_TX_IRQHandler
                0x00000000080004a8                EXTI0_IRQHandler
                0x00000000080004a8                I2C2_EV_IRQHandler
                0x00000000080004a8                DMA2_CH1_IRQHandler
                0x00000000080004a8                UsageFault_Handler
                0x00000000080004a8                ADC1_2_IRQHandler
                0x00000000080004a8                SPI1_IRQHandler
                0x00000000080004a8                TAMPER_IRQHandler
                0x00000000080004a8                TIM8_UP_IRQHandler
                0x00000000080004a8                DMA1_Channel4_IRQHandler
                0x00000000080004a8                USART3_IRQHandler
                0x00000000080004a8                RTC_IRQHandler
                0x00000000080004a8                DMA1_Channel7_IRQHandler
                0x00000000080004a8                CAN1_RX1_IRQHandler
                0x00000000080004a8                UART5_IRQHandler
                0x00000000080004a8                ADC3_IRQHandler
                0x00000000080004a8                USBWakeup_IRQHandler
                0x00000000080004a8                TIM4_IRQHandler
                0x00000000080004a8                I2C1_EV_IRQHandler
                0x00000000080004a8                DMA1_Channel6_IRQHandler
                0x00000000080004a8                UART4_IRQHandler
                0x00000000080004a8                TIM3_IRQHandler
                0x00000000080004a8                RCC_IRQHandler
                0x00000000080004a8                TIM1_TRG_COM_IRQHandler
                0x00000000080004a8                DMA1_Channel1_IRQHandler
                0x00000000080004a8                Default_Handler
                0x00000000080004a8                EXTI15_10_IRQHandler
                0x00000000080004a8                TIM7_IRQHandler
                0x00000000080004a8                TIM5_IRQHandler
                0x00000000080004a8                EXTI9_5_IRQHandler
                0x00000000080004a8                SPI2_IRQHandler
                0x00000000080004a8                USB_LP_CAN_RX0_IRQHandler
                0x00000000080004a8                MemManage_Handler
                0x00000000080004a8                SVC_Handler
                0x00000000080004a8                DMA1_Channel5_IRQHandler
                0x00000000080004a8                EXTI4_IRQHandler
                0x00000000080004a8                DMA1_Channel3_IRQHandler
                0x00000000080004a8                FSMC_IRQHandler
                0x00000000080004a8                TIM1_UP_IRQHandler
                0x00000000080004a8                WWDG_IRQHandler
                0x00000000080004a8                TIM2_IRQHandler
                0x00000000080004a8                TIM1_BRK_IRQHandler
                0x00000000080004a8                EXTI1_IRQHandler
                0x00000000080004a8                DMA2_Channel4_5_IRQHandler
                0x00000000080004a8                USART2_IRQHandler
                0x00000000080004a8                I2C2_ER_IRQHandler
                0x00000000080004a8                DMA1_Channel2_IRQHandler
                0x00000000080004a8                TIM8_BRK_IRQHandler
                0x00000000080004a8                CAN1_SCE_IRQHandler
                0x00000000080004a8                FLASH_IRQHandler
                0x00000000080004a8                BusFault_Handler
                0x00000000080004a8                USART1_IRQHandler
                0x00000000080004a8                SPI3_IRQHandler
                0x00000000080004a8                DMA2_CH3_IRQHandler
                0x00000000080004a8                DMA2_CH2_IRQHandler
                0x00000000080004a8                I2C1_ER_IRQHandler
 .text.MCAL_GPIO_PinConfig
                0x00000000080004aa       0xb6 stm32f103c6_drivers/GPIO_driver.o
                0x00000000080004aa                MCAL_GPIO_PinConfig
 .text.MCAL_GPIO_WritePin
                0x0000000008000560       0x48 stm32f103c6_drivers/GPIO_driver.o
                0x0000000008000560                MCAL_GPIO_WritePin
 .text.MCAL_GPIO_ReadPin
                0x00000000080005a8       0x24 stm32f103c6_drivers/GPIO_driver.o
                0x00000000080005a8                MCAL_GPIO_ReadPin
 .text.__libc_init_array
                0x00000000080005cc       0x48 e:/stm32ide/stm32cubeide_1.4.0/stm32cubeide/plugins/com.st.stm32cube.ide.mcu.externaltools.gnu-tools-for-stm32.7-2018-q2-update.win32_1.4.0.202007081208/tools/bin/../lib/gcc/arm-none-eabi/7.3.1/../../../../arm-none-eabi/lib/thumb/v7-m\libc_nano.a(lib_a-init.o)
                0x00000000080005cc                __libc_init_array
 *(.glue_7)
 .glue_7        0x0000000008000614        0x0 linker stubs
 *(.glue_7t)
 .glue_7t       0x0000000008000614        0x0 linker stubs
 *(.eh_frame)
 .eh_frame      0x0000000008000614        0x0 e:/stm32ide/stm32cubeide_1.4.0/stm32cubeide/plugins/com.st.stm32cube.ide.mcu.externaltools.gnu-tools-for-stm32.7-2018-q2-update.win32_1.4.0.202007081208/tools/bin/../lib/gcc/arm-none-eabi/7.3.1/thumb/v7-m/crtbegin.o
 *(.init)
 .init          0x0000000008000614        0x4 e:/stm32ide/stm32cubeide_1.4.0/stm32cubeide/plugins/com.st.stm32cube.ide.mcu.externaltools.gnu-tools-for-stm32.7-2018-q2-update.win32_1.4.0.202007081208/tools/bin/../lib/gcc/arm-none-eabi/7.3.1/thumb/v7-m/crti.o
                0x0000000008000614                _init
 .init          0x0000000008000618        0x8 e:/stm32ide/stm32cubeide_1.4.0/stm32cubeide/plugins/com.st.stm32cube.ide.mcu.externaltools.gnu-tools-for-stm32.7-2018-q2-update.win32_1.4.0.202007081208/tools/bin/../lib/gcc/arm-none-eabi/7.3.1/thumb/v7-m/crtn.o
 *(.fini)
 .fini          0x0000000008000620        0x4 e:/stm32ide/stm32cubeide_1.4.0/stm32cubeide/plugins/com.st.stm32cube.ide.mcu.externaltools.gnu-tools-for-stm32.7-2018-q2-update.win32_1.4.0.202007081208/tools/bin/../lib/gcc/arm-none-eabi/7.3.1/thumb/v7-m/crti.o
                0x0000000008000620                _fini
 .fini          0x0000000008000624        0x8 e:/stm32ide/stm32cubeide_1.4.0/stm32cubeide/plugins/com.st.stm32cube.ide.mcu.externaltools.gnu-tools-for-stm32.7-2018-q2-update.win32_1.4.0.202007081208/tools/bin/../lib/gcc/arm-none-eabi/7.3.1/thumb/v7-m/crtn.o
                0x000000000800062c                . = ALIGN (0x4)
                0x000000000800062c                _etext = .

.vfp11_veneer   0x000000000800062c        0x0
 .vfp11_veneer  0x000000000800062c        0x0 linker stubs

.v4_bx          0x000000000800062c        0x0
 .v4_bx         0x000000000800062c        0x0 linker stubs

.iplt           0x000000000800062c        0x0
 .iplt          0x000000000800062c        0x0 e:/stm32ide/stm32cubeide_1.4.0/stm32cubeide/plugins/com.st.stm32cube.ide.mcu.externaltools.gnu-tools-for-stm32.7-2018-q2-update.win32_1.4.0.202007081208/tools/bin/../lib/gcc/arm-none-eabi/7.3.1/thumb/v7-m/crtbegin.o

.rodata         0x000000000800062c        0x8
                0x000000000800062c                . = ALIGN (0x4)
 *(.rodata)
 .rodata        0x000000000800062c        0x6 Src/main.o
 *(.rodata*)
                0x0000000008000634                . = ALIGN (0x4)
 *fill*         0x0000000008000632        0x2 

.rel.dyn        0x0000000008000634        0x0
 .rel.iplt      0x0000000008000634        0x0 e:/stm32ide/stm32cubeide_1.4.0/stm32cubeide/plugins/com.st.stm32cube.ide.mcu.externaltools.gnu-tools-for-stm32.7-2018-q2-update.win32_1.4.0.202007081208/tools/bin/../lib/gcc/arm-none-eabi/7.3.1/thumb/v7-m/crtbegin.o

.ARM.extab      0x0000000008000634        0x0
                0x0000000008000634                . = ALIGN (0x4)
 *(.ARM.extab* .gnu.linkonce.armextab.*)
                0x0000000008000634                . = ALIGN (0x4)

.ARM            0x0000000008000634        0x0
                0x0000000008000634                . = ALIGN (0x4)
                0x0000000008000634                __exidx_start = .
 *(.ARM.exidx*)
                0x0000000008000634                __exidx_end = .
                0x0000000008000634                . = ALIGN (0x4)

.preinit_array  0x0000000008000634        0x0
                0x0000000008000634                . = ALIGN (0x4)
                0x0000000008000634                PROVIDE (__preinit_array_start = .)
 *(.preinit_array*)
                0x0000000008000634                PROVIDE (__preinit_array_end = .)
                0x0000000008000634                . = ALIGN (0x4)

.init_array     0x0000000008000634        0x4
                0x0000000008000634                . = ALIGN (0x4)
                0x0000000008000634                PROVIDE (__init_array_start = .)
 *(SORT_BY_NAME(.init_array.*))
 *(.init_array*)
 .init_array    0x0000000008000634        0x4 e:/stm32ide/stm32cubeide_1.4.0/stm32cubeide/plugins/com.st.stm32cube.ide.mcu.externaltools.gnu-tools-for-stm32.7-2018-q2-update.win32_1.4.0.202007081208/tools/bin/../lib/gcc/arm-none-eabi/7.3.1/thumb/v7-m/crtbegin.o
                0x0000000008000638                PROVIDE (__init_array_end = .)
                0x0000000008000638                . = ALIGN (0x4)

.fini_array     0x0000000008000638        0x4
                0x0000000008000638                . = ALIGN (0x4)
                [!provide]                        PROVIDE (__fini_array_start = .)
 *(SORT_BY_NAME(.fini_array.*))
 *(.fini_array*)
 .fini_array    0x0000000008000638        0x4 e:/stm32ide/stm32cubeide_1.4.0/stm32cubeide/plugins/com.st.stm32cube.ide.mcu.externaltools.gnu-tools-for-stm32.7-2018-q2-update.win32_1.4.0.202007081208/tools/bin/../lib/gcc/arm-none-eabi/7.3.1/thumb/v7-m/crtbegin.o
                [!provide]                        PROVIDE (__fini_array_end = .)
                0x000000000800063c                . = ALIGN (0x4)
                0x000000000800063c                _sidata = LOADADDR (.data)

.data           0x0000000020000000        0x0 load address 0x000000000800063c
                0x0000000020000000                . = ALIGN (0x4)
                0x0000000020000000                _sdata = .
 *(.data)
 *(.data*)
                0x0000000020000000                . = ALIGN (0x4)
                0x0000000020000000                _edata = .

.igot.plt       0x0000000020000000        0x0 load address 0x000000000800063c
 .igot.plt      0x0000000020000000        0x0 e:/stm32ide/stm32cubeide_1.4.0/stm32cubeide/plugins/com.st.stm32cube.ide.mcu.externaltools.gnu-tools-for-stm32.7-2018-q2-update.win32_1.4.0.202007081208/tools/bin/../lib/gcc/arm-none-eabi/7.3.1/thumb/v7-m/crtbegin.o
                0x0000000020000000                . = ALIGN (0x4)

.bss            0x0000000020000000       0x24 load address 0x000000000800063c
                0x0000000020000000                _sbss = .
                0x0000000020000000                __bss_start__ = _sbss
 *(.bss)
 .bss           0x0000000020000000       0x1c e:/stm32ide/stm32cubeide_1.4.0/stm32cubeide/plugins/com.st.stm32cube.ide.mcu.externaltools.gnu-tools-for-stm32.7-2018-q2-update.win32_1.4.0.202007081208/tools/bin/../lib/gcc/arm-none-eabi/7.3.1/thumb/v7-m/crtbegin.o
 *(.bss*)
 .bss.EnablePin
                0x000000002000001c        0x1 LCD_KEYPAD/LCD.o
 *fill*         0x000000002000001d        0x3 
 .bss.GPIO      0x0000000020000020        0x4 LCD_KEYPAD/LCD.o
 *(COMMON)
                0x0000000020000024                . = ALIGN (0x4)
                0x0000000020000024                _ebss = .
                0x0000000020000024                __bss_end__ = _ebss

._user_heap_stack
                0x0000000020000024      0x604 load address 0x000000000800063c
                0x0000000020000028                . = ALIGN (0x8)
 *fill*         0x0000000020000024        0x4 
                [!provide]                        PROVIDE (end = .)
                0x0000000020000028                PROVIDE (_end = .)
                0x0000000020000228                . = (. + _Min_Heap_Size)
 *fill*         0x0000000020000028      0x200 
                0x0000000020000628                . = (. + _Min_Stack_Size)
 *fill*         0x0000000020000228      0x400 
                0x0000000020000628                . = ALIGN (0x8)

/DISCARD/
 libc.a(*)
 libm.a(*)
 libgcc.a(*)

.ARM.attributes
                0x0000000000000000       0x29
 *(.ARM.attributes)
 .ARM.attributes
                0x0000000000000000       0x1d e:/stm32ide/stm32cubeide_1.4.0/stm32cubeide/plugins/com.st.stm32cube.ide.mcu.externaltools.gnu-tools-for-stm32.7-2018-q2-update.win32_1.4.0.202007081208/tools/bin/../lib/gcc/arm-none-eabi/7.3.1/thumb/v7-m/crti.o
 .ARM.attributes
                0x000000000000001d       0x2d e:/stm32ide/stm32cubeide_1.4.0/stm32cubeide/plugins/com.st.stm32cube.ide.mcu.externaltools.gnu-tools-for-stm32.7-2018-q2-update.win32_1.4.0.202007081208/tools/bin/../lib/gcc/arm-none-eabi/7.3.1/thumb/v7-m/crtbegin.o
 .ARM.attributes
                0x000000000000004a       0x33 LCD_KEYPAD/Keypad.o
 .ARM.attributes
                0x000000000000007d       0x33 LCD_KEYPAD/LCD.o
 .ARM.attributes
                0x00000000000000b0       0x33 Src/main.o
 .ARM.attributes
                0x00000000000000e3       0x21 Startup/startup_stm32f101c6tx.o
 .ARM.attributes
                0x0000000000000104       0x33 stm32f103c6_drivers/GPIO_driver.o
 .ARM.attributes
                0x0000000000000137       0x2d e:/stm32ide/stm32cubeide_1.4.0/stm32cubeide/plugins/com.st.stm32cube.ide.mcu.externaltools.gnu-tools-for-stm32.7-2018-q2-update.win32_1.4.0.202007081208/tools/bin/../lib/gcc/arm-none-eabi/7.3.1/../../../../arm-none-eabi/lib/thumb/v7-m\libc_nano.a(lib_a-init.o)
 .ARM.attributes
                0x0000000000000164       0x1d e:/stm32ide/stm32cubeide_1.4.0/stm32cubeide/plugins/com.st.stm32cube.ide.mcu.externaltools.gnu-tools-for-stm32.7-2018-q2-update.win32_1.4.0.202007081208/tools/bin/../lib/gcc/arm-none-eabi/7.3.1/thumb/v7-m/crtn.o
OUTPUT(Drivers.elf elf32-littlearm)

.debug_info     0x0000000000000000     0x1343
 .debug_info    0x0000000000000000      0x185 LCD_KEYPAD/Keypad.o
 .debug_info    0x0000000000000185      0xc26 LCD_KEYPAD/LCD.o
 .debug_info    0x0000000000000dab      0x1be Src/main.o
 .debug_info    0x0000000000000f69       0x22 Startup/startup_stm32f101c6tx.o
 .debug_info    0x0000000000000f8b      0x3b8 stm32f103c6_drivers/GPIO_driver.o

.debug_abbrev   0x0000000000000000      0x3f1
 .debug_abbrev  0x0000000000000000       0xab LCD_KEYPAD/Keypad.o
 .debug_abbrev  0x00000000000000ab      0x1e1 LCD_KEYPAD/LCD.o
 .debug_abbrev  0x000000000000028c       0x88 Src/main.o
 .debug_abbrev  0x0000000000000314       0x12 Startup/startup_stm32f101c6tx.o
 .debug_abbrev  0x0000000000000326       0xcb stm32f103c6_drivers/GPIO_driver.o

.debug_loc      0x0000000000000000      0x664
 .debug_loc     0x0000000000000000       0xa0 LCD_KEYPAD/Keypad.o
 .debug_loc     0x00000000000000a0      0x2b8 LCD_KEYPAD/LCD.o
 .debug_loc     0x0000000000000358       0x2c Src/main.o
 .debug_loc     0x0000000000000384      0x2e0 stm32f103c6_drivers/GPIO_driver.o

.debug_aranges  0x0000000000000000      0x128
 .debug_aranges
                0x0000000000000000       0x28 LCD_KEYPAD/Keypad.o
 .debug_aranges
                0x0000000000000028       0x60 LCD_KEYPAD/LCD.o
 .debug_aranges
                0x0000000000000088       0x20 Src/main.o
 .debug_aranges
                0x00000000000000a8       0x28 Startup/startup_stm32f101c6tx.o
 .debug_aranges
                0x00000000000000d0       0x58 stm32f103c6_drivers/GPIO_driver.o

.debug_ranges   0x0000000000000000       0xe0
 .debug_ranges  0x0000000000000000       0x18 LCD_KEYPAD/Keypad.o
 .debug_ranges  0x0000000000000018       0x50 LCD_KEYPAD/LCD.o
 .debug_ranges  0x0000000000000068       0x10 Src/main.o
 .debug_ranges  0x0000000000000078       0x20 Startup/startup_stm32f101c6tx.o
 .debug_ranges  0x0000000000000098       0x48 stm32f103c6_drivers/GPIO_driver.o

.debug_macro    0x0000000000000000     0x1f02
 .debug_macro   0x0000000000000000       0x9d LCD_KEYPAD/Keypad.o
 .debug_macro   0x000000000000009d      0xa60 LCD_KEYPAD/Keypad.o
 .debug_macro   0x0000000000000afd       0x22 LCD_KEYPAD/Keypad.o
 .debug_macro   0x0000000000000b1f       0x8e LCD_KEYPAD/Keypad.o
 .debug_macro   0x0000000000000bad       0x51 LCD_KEYPAD/Keypad.o
 .debug_macro   0x0000000000000bfe       0xef LCD_KEYPAD/Keypad.o
 .debug_macro   0x0000000000000ced       0x6a LCD_KEYPAD/Keypad.o
 .debug_macro   0x0000000000000d57      0x1df LCD_KEYPAD/Keypad.o
 .debug_macro   0x0000000000000f36       0x94 LCD_KEYPAD/Keypad.o
 .debug_macro   0x0000000000000fca       0xac LCD_KEYPAD/Keypad.o
 .debug_macro   0x0000000000001076       0x16 LCD_KEYPAD/Keypad.o
 .debug_macro   0x000000000000108c       0x52 LCD_KEYPAD/Keypad.o
 .debug_macro   0x00000000000010de      0x1e3 LCD_KEYPAD/LCD.o
 .debug_macro   0x00000000000012c1       0x4c LCD_KEYPAD/LCD.o
 .debug_macro   0x000000000000130d       0x46 LCD_KEYPAD/LCD.o
 .debug_macro   0x0000000000001353       0x18 LCD_KEYPAD/LCD.o
 .debug_macro   0x000000000000136b       0x3c LCD_KEYPAD/LCD.o
 .debug_macro   0x00000000000013a7       0x34 LCD_KEYPAD/LCD.o
 .debug_macro   0x00000000000013db      0x174 LCD_KEYPAD/LCD.o
 .debug_macro   0x000000000000154f      0x330 LCD_KEYPAD/LCD.o
 .debug_macro   0x000000000000187f       0x52 LCD_KEYPAD/LCD.o
 .debug_macro   0x00000000000018d1       0x1f LCD_KEYPAD/LCD.o
 .debug_macro   0x00000000000018f0       0x43 LCD_KEYPAD/LCD.o
 .debug_macro   0x0000000000001933       0x20 LCD_KEYPAD/LCD.o
 .debug_macro   0x0000000000001953      0x1a3 LCD_KEYPAD/LCD.o
 .debug_macro   0x0000000000001af6       0x10 LCD_KEYPAD/LCD.o
 .debug_macro   0x0000000000001b06       0x35 LCD_KEYPAD/LCD.o
 .debug_macro   0x0000000000001b3b       0x10 LCD_KEYPAD/LCD.o
 .debug_macro   0x0000000000001b4b       0x10 LCD_KEYPAD/LCD.o
 .debug_macro   0x0000000000001b5b       0x10 LCD_KEYPAD/LCD.o
 .debug_macro   0x0000000000001b6b       0x1c LCD_KEYPAD/LCD.o
 .debug_macro   0x0000000000001b87       0x52 LCD_KEYPAD/LCD.o
 .debug_macro   0x0000000000001bd9       0x40 LCD_KEYPAD/LCD.o
 .debug_macro   0x0000000000001c19       0x10 LCD_KEYPAD/LCD.o
 .debug_macro   0x0000000000001c29       0x40 LCD_KEYPAD/LCD.o
 .debug_macro   0x0000000000001c69       0xd7 LCD_KEYPAD/LCD.o
 .debug_macro   0x0000000000001d40       0x1c LCD_KEYPAD/LCD.o
 .debug_macro   0x0000000000001d5c       0x3d LCD_KEYPAD/LCD.o
 .debug_macro   0x0000000000001d99       0x35 LCD_KEYPAD/LCD.o
 .debug_macro   0x0000000000001dce       0x97 Src/main.o
 .debug_macro   0x0000000000001e65       0x1c Src/main.o
 .debug_macro   0x0000000000001e81       0x81 stm32f103c6_drivers/GPIO_driver.o

.debug_line     0x0000000000000000     0x14e2
 .debug_line    0x0000000000000000      0x4c9 LCD_KEYPAD/Keypad.o
 .debug_line    0x00000000000004c9      0x6c0 LCD_KEYPAD/LCD.o
 .debug_line    0x0000000000000b89      0x43e Src/main.o
 .debug_line    0x0000000000000fc7       0x84 Startup/startup_stm32f101c6tx.o
 .debug_line    0x000000000000104b      0x497 stm32f103c6_drivers/GPIO_driver.o

.debug_str      0x0000000000000000     0x81cc
 .debug_str     0x0000000000000000     0x4144 LCD_KEYPAD/Keypad.o
                                       0x42dc (size before relaxing)
 .debug_str     0x0000000000004144     0x3f2e LCD_KEYPAD/LCD.o
                                       0x8263 (size before relaxing)
 .debug_str     0x0000000000008072       0x52 Src/main.o
                                       0x42cd (size before relaxing)
 .debug_str     0x00000000000080c4       0x31 Startup/startup_stm32f101c6tx.o
                                         0x57 (size before relaxing)
 .debug_str     0x00000000000080f5       0xd7 stm32f103c6_drivers/GPIO_driver.o
                                       0x42dd (size before relaxing)

.comment        0x0000000000000000       0x7b
 .comment       0x0000000000000000       0x7b LCD_KEYPAD/Keypad.o
                                         0x7c (size before relaxing)
 .comment       0x000000000000007b       0x7c LCD_KEYPAD/LCD.o
 .comment       0x000000000000007b       0x7c Src/main.o
 .comment       0x000000000000007b       0x7c stm32f103c6_drivers/GPIO_driver.o

.debug_frame    0x0000000000000000      0x350
 .debug_frame   0x0000000000000000       0x58 LCD_KEYPAD/Keypad.o
 .debug_frame   0x0000000000000058      0x150 LCD_KEYPAD/LCD.o
 .debug_frame   0x00000000000001a8       0x2c Src/main.o
 .debug_frame   0x00000000000001d4      0x150 stm32f103c6_drivers/GPIO_driver.o
 .debug_frame   0x0000000000000324       0x2c e:/stm32ide/stm32cubeide_1.4.0/stm32cubeide/plugins/com.st.stm32cube.ide.mcu.externaltools.gnu-tools-for-stm32.7-2018-q2-update.win32_1.4.0.202007081208/tools/bin/../lib/gcc/arm-none-eabi/7.3.1/../../../../arm-none-eabi/lib/thumb/v7-m\libc_nano.a(lib_a-init.o)
